<testsuites name="results">
  <testsuite name="all" package="all">
    <property name="random_seed" value="1743275135" />
    <testcase name="test" classname="ScanChain_fsm" file="/mnt/c/Users/Andre/Downloads/18224/ex9-scanning-chains-Andrew923/ScanChain_fsm.py" lineno="199" time="0.015393257141113281" sim_time_ns="2560.001" ratio_time="166306.64819874853" />
  </testsuite>
</testsuites>
